(IntVal 1,fromList [])
(BoolVal True,fromList [("X",BoolVal True)])
(IntVal 2,fromList [])
(IntVal 11,fromList [])
(IntVal 1,fromList [])
(IntVal 2,fromList [])
(IntVal 0,fromList [])
(IntVal 666,fromList [("X",IntVal 666)])
(BoolVal False,fromList [])
(BoolVal True,fromList [])
(BoolVal False,fromList [])
(BoolVal False,fromList [])
(BoolVal False,fromList [])
(BoolVal True,fromList [])
(BoolVal False,fromList [])
(BoolVal True,fromList [])
(BoolVal True,fromList [])
(BoolVal True,fromList [])

fromList [("X",IntVal 0),("Y",IntVal 10)]
fromList [("F",IntVal 2),("N",IntVal 0),("X",IntVal 1),("Z",IntVal 2)]
