[455,1]
[455,3]
[455,235,681]
[455,235,681]
[455,1,681]
[999]
[962,634,9]
[1]
[0]
[12]
[0]
[392,296,4,12]
[256]
[1]
7
63
256
800,000,000,000,000,000,002
1
